ARTIFACTS-FROZEN.tsv: OK
COLLECTION_FAILURE.md: OK
FINAL_REPORT.md: OK
Holmakefile: OK
INPUT-MANIFEST.tsv: OK
INPUTS.sha256: OK
PACKAGE-INVENTORY.tsv: OK
PRECOLLECTION.sha256: OK
PREDECLARATION.md: OK
PRE_SEAL_REPAIR.md: OK
README.md: OK
SEALED.txt: OK
SEAL_PLAN.md: OK
SUPERVISOR_REVIEW.patch: OK
active-calibration-schedule.tsv: OK
artifact-manifest.sh: OK
calibration-gate.awk: OK
calibration-schedule.tsv: OK
collect.sh: OK
collection/INPUTS.sha256: OK
collection/audits/final-process-audit.txt: OK
collection/audits/post-failure-artifacts.tsv: OK
collection/audits/pre-collection-artifacts.tsv: OK
collection/audits/pre-collection.txt: OK
collection/blast-cleanup.log: OK
collection/calibration-raw.tsv: OK
collection/classical-cleanup.log: OK
collection/cleanup-status.txt: OK
collection/collection-status.tsv: OK
collection/failure-validation-status.txt: OK
collection/harness-cleanup.log: OK
collection/input-check.log: OK
collection/logs/representative-1.stderr: OK
collection/logs/representative-1.stdout: OK
collection/logs/representative-2.stderr: OK
collection/logs/representative-2.stdout: OK
collection/logs/representative-3.stderr: OK
collection/logs/representative-3.stdout: OK
collection/logs/representative-4.stderr: OK
collection/logs/representative-4.stdout: OK
collection/observed-summary.tsv: OK
collection/partial-calibration-validation.log: OK
collection/partial-prefix-validation.log: OK
collection/post-clean-generated-files.txt: OK
collection/status/representative-1.json: OK
collection/status/representative-2.json: OK
collection/status/representative-3.json: OK
collection/status/representative-4.json: OK
collection/supervision-validation.log: OK
endpoint-preflight.sh: OK
endpoint-preflight/task7jactive.log: OK
endpoint-preflight/task7jcalibration.log: OK
endpoint-preflight/task7jmeasurement.log: OK
environment.txt: OK
final-audit.sh: OK
frozen-inputs/Holmakefile: OK
frozen-inputs/PREDECLARATION.md: OK
frozen-inputs/PRE_SEAL_REPAIR.md: OK
frozen-inputs/SEAL_PLAN.md: OK
frozen-inputs/active-calibration-schedule.tsv: OK
frozen-inputs/artifact-manifest.sh: OK
frozen-inputs/calibration-gate.awk: OK
frozen-inputs/calibration-schedule.tsv: OK
frozen-inputs/collect.sh: OK
frozen-inputs/endpoint-preflight.sh: OK
frozen-inputs/generate-synthetic.awk: OK
frozen-inputs/mutate-fixture.awk: OK
frozen-inputs/schedule.tsv: OK
frozen-inputs/summarize-calibration.awk: OK
frozen-inputs/summarize-target.awk: OK
frozen-inputs/supervise.py: OK
frozen-inputs/task7jactive.sml: OK
frozen-inputs/task7jcalibration.sml: OK
frozen-inputs/task7jmeasurement.sml: OK
frozen-inputs/test-v4-controls.sh: OK
frozen-inputs/test-validators.sh: OK
frozen-inputs/validate-calibration.awk: OK
frozen-inputs/verify-bounded.awk: OK
frozen-inputs/verify-summaries.sh: OK
frozen-inputs/verify-target.awk: OK
generate-synthetic.awk: OK
mutate-fixture.awk: OK
package-integrity.log: OK
package-inventory.sh: OK
pre-seal-attempt-0/failure.log: OK
pre-seal-attempt-0/full-bodies/Holmakefile: OK
pre-seal-attempt-0/full-bodies/PREDECLARATION.md: OK
pre-seal-attempt-0/full-bodies/SEAL_PLAN.md: OK
pre-seal-attempt-0/full-bodies/active-calibration-schedule.tsv: OK
pre-seal-attempt-0/full-bodies/artifact-manifest.sh: OK
pre-seal-attempt-0/full-bodies/calibration-gate.awk: OK
pre-seal-attempt-0/full-bodies/calibration-schedule.tsv: OK
pre-seal-attempt-0/full-bodies/collect.sh: OK
pre-seal-attempt-0/full-bodies/endpoint-preflight.sh: OK
pre-seal-attempt-0/full-bodies/generate-synthetic.awk: OK
pre-seal-attempt-0/full-bodies/mutate-fixture.awk: OK
pre-seal-attempt-0/full-bodies/schedule.tsv: OK
pre-seal-attempt-0/full-bodies/summarize-calibration.awk: OK
pre-seal-attempt-0/full-bodies/summarize-target.awk: OK
pre-seal-attempt-0/full-bodies/supervise.py: OK
pre-seal-attempt-0/full-bodies/task7jactive.sml: OK
pre-seal-attempt-0/full-bodies/task7jcalibration.sml: OK
pre-seal-attempt-0/full-bodies/task7jmeasurement.sml: OK
pre-seal-attempt-0/full-bodies/test-v4-controls.sh: OK
pre-seal-attempt-0/full-bodies/test-validators.sh: OK
pre-seal-attempt-0/full-bodies/validate-calibration.awk: OK
pre-seal-attempt-0/full-bodies/verify-bounded.awk: OK
pre-seal-attempt-0/full-bodies/verify-summaries.sh: OK
pre-seal-attempt-0/full-bodies/verify-target.awk: OK
pre-seal-attempt-0/generated/INPUT-MANIFEST.tsv: OK
pre-seal-attempt-0/generated/INPUTS.sha256: OK
pre-seal-attempt-0/generated/PRECOLLECTION.sha256: OK
pre-seal-attempt-0/generated/SEALED.txt: OK
pre-seal-attempt-0/retained.sha256: OK
pre-seal-attempt-1/failure.log: OK
pre-seal-attempt-1/full-bodies/Holmakefile: OK
pre-seal-attempt-1/full-bodies/PREDECLARATION.md: OK
pre-seal-attempt-1/full-bodies/PRE_SEAL_REPAIR.md: OK
pre-seal-attempt-1/full-bodies/SEAL_PLAN.md: OK
pre-seal-attempt-1/full-bodies/active-calibration-schedule.tsv: OK
pre-seal-attempt-1/full-bodies/artifact-manifest.sh: OK
pre-seal-attempt-1/full-bodies/calibration-gate.awk: OK
pre-seal-attempt-1/full-bodies/calibration-schedule.tsv: OK
pre-seal-attempt-1/full-bodies/collect.sh: OK
pre-seal-attempt-1/full-bodies/endpoint-preflight.sh: OK
pre-seal-attempt-1/full-bodies/generate-synthetic.awk: OK
pre-seal-attempt-1/full-bodies/mutate-fixture.awk: OK
pre-seal-attempt-1/full-bodies/schedule.tsv: OK
pre-seal-attempt-1/full-bodies/summarize-calibration.awk: OK
pre-seal-attempt-1/full-bodies/summarize-target.awk: OK
pre-seal-attempt-1/full-bodies/supervise.py: OK
pre-seal-attempt-1/full-bodies/task7jactive.sml: OK
pre-seal-attempt-1/full-bodies/task7jcalibration.sml: OK
pre-seal-attempt-1/full-bodies/task7jmeasurement.sml: OK
pre-seal-attempt-1/full-bodies/test-v4-controls.sh: OK
pre-seal-attempt-1/full-bodies/test-validators.sh: OK
pre-seal-attempt-1/full-bodies/validate-calibration.awk: OK
pre-seal-attempt-1/full-bodies/verify-bounded.awk: OK
pre-seal-attempt-1/full-bodies/verify-summaries.sh: OK
pre-seal-attempt-1/full-bodies/verify-target.awk: OK
pre-seal-attempt-1/generated/ARTIFACTS-FROZEN.tsv: OK
pre-seal-attempt-1/generated/INPUT-MANIFEST.tsv: OK
pre-seal-attempt-1/generated/INPUTS.sha256: OK
pre-seal-attempt-1/retained.sha256: OK
pre-seal-attempt-2/collect.patch: OK
pre-seal-attempt-2/full-bodies/Holmakefile: OK
pre-seal-attempt-2/full-bodies/PREDECLARATION.md: OK
pre-seal-attempt-2/full-bodies/PRE_SEAL_REPAIR.md: OK
pre-seal-attempt-2/full-bodies/SEAL_PLAN.md: OK
pre-seal-attempt-2/full-bodies/active-calibration-schedule.tsv: OK
pre-seal-attempt-2/full-bodies/artifact-manifest.sh: OK
pre-seal-attempt-2/full-bodies/calibration-gate.awk: OK
pre-seal-attempt-2/full-bodies/calibration-schedule.tsv: OK
pre-seal-attempt-2/full-bodies/collect.sh: OK
pre-seal-attempt-2/full-bodies/endpoint-preflight.sh: OK
pre-seal-attempt-2/full-bodies/generate-synthetic.awk: OK
pre-seal-attempt-2/full-bodies/mutate-fixture.awk: OK
pre-seal-attempt-2/full-bodies/schedule.tsv: OK
pre-seal-attempt-2/full-bodies/summarize-calibration.awk: OK
pre-seal-attempt-2/full-bodies/summarize-target.awk: OK
pre-seal-attempt-2/full-bodies/supervise.py: OK
pre-seal-attempt-2/full-bodies/task7jactive.sml: OK
pre-seal-attempt-2/full-bodies/task7jcalibration.sml: OK
pre-seal-attempt-2/full-bodies/task7jmeasurement.sml: OK
pre-seal-attempt-2/full-bodies/test-v4-controls.sh: OK
pre-seal-attempt-2/full-bodies/test-validators.sh: OK
pre-seal-attempt-2/full-bodies/validate-calibration.awk: OK
pre-seal-attempt-2/full-bodies/verify-bounded.awk: OK
pre-seal-attempt-2/full-bodies/verify-summaries.sh: OK
pre-seal-attempt-2/full-bodies/verify-target.awk: OK
pre-seal-attempt-2/ledger.patch: OK
pre-seal-attempt-2/retained.sha256: OK
pre-seal-attempt-2/review.log: OK
pre-seal-attempt-2/seal/ARTIFACTS-FROZEN.tsv: OK
pre-seal-attempt-2/seal/INPUT-MANIFEST.tsv: OK
pre-seal-attempt-2/seal/INPUTS.sha256: OK
pre-seal-attempt-2/seal/PRECOLLECTION.sha256: OK
pre-seal-attempt-2/seal/SEALED.txt: OK
preflight-logs/blast-build.log: OK
preflight-logs/blast-clean.log: OK
preflight-logs/blast-selftest.log: OK
preflight-logs/classical-build.log: OK
preflight-logs/classical-clean.log: OK
preflight-logs/classical-selftest.log: OK
preflight-logs/endpoint-synthetic.log: OK
preflight-logs/harness-build.log: OK
preflight-logs/harness-clean.log: OK
preflight-logs/input-verification-final.log: OK
preflight-logs/input-verification.log: OK
preflight-logs/v4-controls-2.log: OK
preflight-logs/v4-controls.log: OK
preflight-logs/validator-synthetic.log: OK
preflight-status.tsv: OK
preflight-validator-logs/cal-depth.log: OK
preflight-validator-logs/cal-elapsed.log: OK
preflight-validator-logs/cal-header.log: OK
preflight-validator-logs/cal-mode.log: OK
preflight-validator-logs/cal-problem.log: OK
preflight-validator-logs/cal-reorder.log: OK
preflight-validator-logs/cal-repetition.log: OK
preflight-validator-logs/cal-schema.log: OK
preflight-validator-logs/cal-signature_token.log: OK
preflight-validator-logs/cal-signature_width.log: OK
preflight-validator-logs/cal-valid.log: OK
preflight-validator-logs/summary-drift.log: OK
preflight-validator-logs/summary-valid.log: OK
preflight-validator-logs/target-append.log: OK
preflight-validator-logs/target-attempt.log: OK
preflight-validator-logs/target-attempt_residual.log: OK
preflight-validator-logs/target-binding_failure_identity.log: OK
preflight-validator-logs/target-cleanup_zero.log: OK
preflight-validator-logs/target-depth.log: OK
preflight-validator-logs/target-depth_noncanonical.log: OK
preflight-validator-logs/target-duplicate_vocab.log: OK
preflight-validator-logs/target-elapsed_grammar.log: OK
preflight-validator-logs/target-elim_assumption.log: OK
preflight-validator-logs/target-field_23.log: OK
preflight-validator-logs/target-field_24.log: OK
preflight-validator-logs/target-field_25.log: OK
preflight-validator-logs/target-field_26.log: OK
preflight-validator-logs/target-field_27.log: OK
preflight-validator-logs/target-field_28.log: OK
preflight-validator-logs/target-field_29.log: OK
preflight-validator-logs/target-field_30.log: OK
preflight-validator-logs/target-field_31.log: OK
preflight-validator-logs/target-field_32.log: OK
preflight-validator-logs/target-field_33.log: OK
preflight-validator-logs/target-field_34.log: OK
preflight-validator-logs/target-field_35.log: OK
preflight-validator-logs/target-field_36.log: OK
preflight-validator-logs/target-field_37.log: OK
preflight-validator-logs/target-field_38.log: OK
preflight-validator-logs/target-field_39.log: OK
preflight-validator-logs/target-field_40.log: OK
preflight-validator-logs/target-field_41.log: OK
preflight-validator-logs/target-field_42.log: OK
preflight-validator-logs/target-field_43.log: OK
preflight-validator-logs/target-field_44.log: OK
preflight-validator-logs/target-field_45.log: OK
preflight-validator-logs/target-field_46.log: OK
preflight-validator-logs/target-field_47.log: OK
preflight-validator-logs/target-field_48.log: OK
preflight-validator-logs/target-field_49.log: OK
preflight-validator-logs/target-field_50.log: OK
preflight-validator-logs/target-field_51.log: OK
preflight-validator-logs/target-field_52.log: OK
preflight-validator-logs/target-field_53.log: OK
preflight-validator-logs/target-field_54.log: OK
preflight-validator-logs/target-field_55.log: OK
preflight-validator-logs/target-field_56.log: OK
preflight-validator-logs/target-field_57.log: OK
preflight-validator-logs/target-field_58.log: OK
preflight-validator-logs/target-field_59.log: OK
preflight-validator-logs/target-field_60.log: OK
preflight-validator-logs/target-field_61.log: OK
preflight-validator-logs/target-field_62.log: OK
preflight-validator-logs/target-intro_assumption.log: OK
preflight-validator-logs/target-major_intro.log: OK
preflight-validator-logs/target-minor_classical.log: OK
preflight-validator-logs/target-minor_max_category.log: OK
preflight-validator-logs/target-minor_max_overall.log: OK
preflight-validator-logs/target-minor_partition.log: OK
preflight-validator-logs/target-outer_boundary.log: OK
preflight-validator-logs/target-outer_partition.log: OK
preflight-validator-logs/target-outer_phase.log: OK
preflight-validator-logs/target-partial_context.log: OK
preflight-validator-logs/target-problem.log: OK
preflight-validator-logs/target-problem_noncanonical.log: OK
preflight-validator-logs/target-pull_alternative_identity.log: OK
preflight-validator-logs/target-pull_count_identity.log: OK
preflight-validator-logs/target-pull_max_category.log: OK
preflight-validator-logs/target-pull_max_overall.log: OK
preflight-validator-logs/target-pull_snapshot_identity.log: OK
preflight-validator-logs/target-pull_time_partition.log: OK
preflight-validator-logs/target-rule_kind.log: OK
preflight-validator-logs/target-safe_duplicate.log: OK
preflight-validator-logs/target-stats_width.log: OK
preflight-validator-logs/target-status.log: OK
preflight-validator-logs/target-step_kind.log: OK
preflight-validator-logs/target-stored_boundary.log: OK
preflight-validator-logs/target-stored_phase.log: OK
preflight-validator-logs/target-terminal_read_identity.log: OK
preflight-validator-logs/target-traversal_partition.log: OK
preflight-validator-logs/target-valid.log: OK
schedule.tsv: OK
selfcheck.sh: OK
source-cleanliness.txt: OK
summarize-calibration.awk: OK
summarize-target.awk: OK
supervise.py: OK
task7jactive.sml: OK
task7jcalibration.sml: OK
task7jmeasurement.sml: OK
test-package-integrity.sh: OK
test-v4-controls.sh: OK
test-validators.sh: OK
v4-controls/bounded-arithmetic.log: OK
v4-controls/bounded-arithmetic.tsv: OK
v4-controls/bounded-enum.log: OK
v4-controls/bounded-enum.tsv: OK
v4-controls/bounded-lexical.log: OK
v4-controls/bounded-lexical.tsv: OK
v4-controls/bounded-read.log: OK
v4-controls/bounded-read.tsv: OK
v4-controls/bounded-trace.log: OK
v4-controls/bounded-trace.tsv: OK
v4-controls/bounded-valid.log: OK
v4-controls/bounded-valid.tsv: OK
v4-controls/exit7.json: OK
v4-controls/exit7.stderr: OK
v4-controls/exit7.stdout: OK
v4-controls/gate-bad.log: OK
v4-controls/gate-bad.tsv: OK
v4-controls/gate-valid.log: OK
v4-controls/gate-valid.tsv: OK
v4-controls/timeout.json: OK
v4-controls/timeout.stderr: OK
v4-controls/timeout.stdout: OK
validate-calibration.awk: OK
validate-scratch-path.sh: OK
validator-status.tsv: OK
verify-bounded.awk: OK
verify-package-integrity.sh: OK
verify-partial-calibration.py: OK
verify-summaries.sh: OK
verify-supervision.py: OK
verify-target.awk: OK
package integrity: PASS (326 inventory regular files; 6 symlinks)
