.agent-files/benchmarks/m2-timed-v2-final/PREDECLARATION.md: OK
.agent-files/benchmarks/m2-timed-v2-final/frozen-inputs/PREDECLARATION.md: OK
.agent-files/benchmarks/m2-timed-v2-final/PRE_SEAL_REPAIR.md: OK
.agent-files/benchmarks/m2-timed-v2-final/frozen-inputs/PRE_SEAL_REPAIR.md: OK
.agent-files/benchmarks/m2-timed-v2-final/SEAL_PLAN.md: OK
.agent-files/benchmarks/m2-timed-v2-final/frozen-inputs/SEAL_PLAN.md: OK
.agent-files/benchmarks/m2-timed-v2-final/Holmakefile: OK
.agent-files/benchmarks/m2-timed-v2-final/frozen-inputs/Holmakefile: OK
.agent-files/benchmarks/m2-timed-v2-final/task7gmeasurement.sml: OK
.agent-files/benchmarks/m2-timed-v2-final/frozen-inputs/task7gmeasurement.sml: OK
.agent-files/benchmarks/m2-timed-v2-final/task7gcalibration.sml: OK
.agent-files/benchmarks/m2-timed-v2-final/frozen-inputs/task7gcalibration.sml: OK
.agent-files/benchmarks/m2-timed-v2-final/task7gactive.sml: OK
.agent-files/benchmarks/m2-timed-v2-final/frozen-inputs/task7gactive.sml: OK
.agent-files/benchmarks/m2-timed-v2-final/schedule.tsv: OK
.agent-files/benchmarks/m2-timed-v2-final/frozen-inputs/schedule.tsv: OK
.agent-files/benchmarks/m2-timed-v2-final/calibration-schedule.tsv: OK
.agent-files/benchmarks/m2-timed-v2-final/frozen-inputs/calibration-schedule.tsv: OK
.agent-files/benchmarks/m2-timed-v2-final/active-calibration-schedule.tsv: OK
.agent-files/benchmarks/m2-timed-v2-final/frozen-inputs/active-calibration-schedule.tsv: OK
.agent-files/benchmarks/m2-timed-v2-final/prepare-and-freeze.sh: OK
.agent-files/benchmarks/m2-timed-v2-final/frozen-inputs/prepare-and-freeze.sh: OK
.agent-files/benchmarks/m2-timed-v2-final/collect-locked.sh: OK
.agent-files/benchmarks/m2-timed-v2-final/frozen-inputs/collect-locked.sh: OK
.agent-files/benchmarks/m2-timed-v2-final/run-target.sh: OK
.agent-files/benchmarks/m2-timed-v2-final/frozen-inputs/run-target.sh: OK
.agent-files/benchmarks/m2-timed-v2-final/artifact-manifest.sh: OK
.agent-files/benchmarks/m2-timed-v2-final/frozen-inputs/artifact-manifest.sh: OK
.agent-files/benchmarks/m2-timed-v2-final/endpoint-preflight.sh: OK
.agent-files/benchmarks/m2-timed-v2-final/frozen-inputs/endpoint-preflight.sh: OK
.agent-files/benchmarks/m2-timed-v2-final/validate-calibration.awk: OK
.agent-files/benchmarks/m2-timed-v2-final/frozen-inputs/validate-calibration.awk: OK
.agent-files/benchmarks/m2-timed-v2-final/verify-target.awk: OK
.agent-files/benchmarks/m2-timed-v2-final/frozen-inputs/verify-target.awk: OK
.agent-files/benchmarks/m2-timed-v2-final/generate-synthetic.awk: OK
.agent-files/benchmarks/m2-timed-v2-final/frozen-inputs/generate-synthetic.awk: OK
.agent-files/benchmarks/m2-timed-v2-final/mutate-fixture.awk: OK
.agent-files/benchmarks/m2-timed-v2-final/frozen-inputs/mutate-fixture.awk: OK
.agent-files/benchmarks/m2-timed-v2-final/test-validators.sh: OK
.agent-files/benchmarks/m2-timed-v2-final/frozen-inputs/test-validators.sh: OK
.agent-files/benchmarks/m2-timed-v2-final/summarize-calibration.awk: OK
.agent-files/benchmarks/m2-timed-v2-final/frozen-inputs/summarize-calibration.awk: OK
.agent-files/benchmarks/m2-timed-v2-final/summarize-target.awk: OK
.agent-files/benchmarks/m2-timed-v2-final/frozen-inputs/summarize-target.awk: OK
.agent-files/benchmarks/m2-timed-v2-final/verify-summaries.sh: OK
.agent-files/benchmarks/m2-timed-v2-final/frozen-inputs/verify-summaries.sh: OK
.agent-files/benchmarks/m2-timed-v2-final/selfcheck.sh: OK
.agent-files/benchmarks/m2-timed-v2-final/frozen-inputs/selfcheck.sh: OK
