.agent-files/benchmarks/m2-timed-v2-fresh/PREDECLARATION.md: OK
.agent-files/benchmarks/m2-timed-v2-fresh/frozen-inputs/PREDECLARATION.md: OK
.agent-files/benchmarks/m2-timed-v2-fresh/PRE_FREEZE_REPAIR.md: OK
.agent-files/benchmarks/m2-timed-v2-fresh/frozen-inputs/PRE_FREEZE_REPAIR.md: OK
.agent-files/benchmarks/m2-timed-v2-fresh/Holmakefile: OK
.agent-files/benchmarks/m2-timed-v2-fresh/frozen-inputs/Holmakefile: OK
.agent-files/benchmarks/m2-timed-v2-fresh/task7gmeasurement.sml: OK
.agent-files/benchmarks/m2-timed-v2-fresh/frozen-inputs/task7gmeasurement.sml: OK
.agent-files/benchmarks/m2-timed-v2-fresh/task7gcalibration.sml: OK
.agent-files/benchmarks/m2-timed-v2-fresh/frozen-inputs/task7gcalibration.sml: OK
.agent-files/benchmarks/m2-timed-v2-fresh/task7gactive.sml: OK
.agent-files/benchmarks/m2-timed-v2-fresh/frozen-inputs/task7gactive.sml: OK
.agent-files/benchmarks/m2-timed-v2-fresh/schedule.tsv: OK
.agent-files/benchmarks/m2-timed-v2-fresh/frozen-inputs/schedule.tsv: OK
.agent-files/benchmarks/m2-timed-v2-fresh/calibration-schedule.tsv: OK
.agent-files/benchmarks/m2-timed-v2-fresh/frozen-inputs/calibration-schedule.tsv: OK
.agent-files/benchmarks/m2-timed-v2-fresh/active-calibration-schedule.tsv: OK
.agent-files/benchmarks/m2-timed-v2-fresh/frozen-inputs/active-calibration-schedule.tsv: OK
.agent-files/benchmarks/m2-timed-v2-fresh/prepare-and-freeze.sh: OK
.agent-files/benchmarks/m2-timed-v2-fresh/frozen-inputs/prepare-and-freeze.sh: OK
.agent-files/benchmarks/m2-timed-v2-fresh/collect-locked.sh: OK
.agent-files/benchmarks/m2-timed-v2-fresh/frozen-inputs/collect-locked.sh: OK
.agent-files/benchmarks/m2-timed-v2-fresh/run-target.sh: OK
.agent-files/benchmarks/m2-timed-v2-fresh/frozen-inputs/run-target.sh: OK
.agent-files/benchmarks/m2-timed-v2-fresh/artifact-manifest.sh: OK
.agent-files/benchmarks/m2-timed-v2-fresh/frozen-inputs/artifact-manifest.sh: OK
.agent-files/benchmarks/m2-timed-v2-fresh/validate-calibration.awk: OK
.agent-files/benchmarks/m2-timed-v2-fresh/frozen-inputs/validate-calibration.awk: OK
.agent-files/benchmarks/m2-timed-v2-fresh/verify-target.awk: OK
.agent-files/benchmarks/m2-timed-v2-fresh/frozen-inputs/verify-target.awk: OK
.agent-files/benchmarks/m2-timed-v2-fresh/generate-synthetic.awk: OK
.agent-files/benchmarks/m2-timed-v2-fresh/frozen-inputs/generate-synthetic.awk: OK
.agent-files/benchmarks/m2-timed-v2-fresh/mutate-fixture.awk: OK
.agent-files/benchmarks/m2-timed-v2-fresh/frozen-inputs/mutate-fixture.awk: OK
.agent-files/benchmarks/m2-timed-v2-fresh/test-validators.sh: OK
.agent-files/benchmarks/m2-timed-v2-fresh/frozen-inputs/test-validators.sh: OK
.agent-files/benchmarks/m2-timed-v2-fresh/summarize-calibration.awk: OK
.agent-files/benchmarks/m2-timed-v2-fresh/frozen-inputs/summarize-calibration.awk: OK
.agent-files/benchmarks/m2-timed-v2-fresh/summarize-target.awk: OK
.agent-files/benchmarks/m2-timed-v2-fresh/frozen-inputs/summarize-target.awk: OK
.agent-files/benchmarks/m2-timed-v2-fresh/verify-summaries.sh: OK
.agent-files/benchmarks/m2-timed-v2-fresh/frozen-inputs/verify-summaries.sh: OK
.agent-files/benchmarks/m2-timed-v2-fresh/selfcheck.sh: OK
.agent-files/benchmarks/m2-timed-v2-fresh/frozen-inputs/selfcheck.sh: OK
