.agent-files/benchmarks/m2-claset-time/CALIBRATION_PREDECLARED.md: OK
.agent-files/benchmarks/m2-claset-time/EXPECTATIONS_PROTOCOL.md: OK
.agent-files/benchmarks/m2-claset-time/README.md: OK
.agent-files/benchmarks/m2-claset-time/REGENERATED_FINAL_LOCKED_SUMMARY.md: OK
.agent-files/benchmarks/m2-claset-time/REPAIRED_BUILD_PROVENANCE.md: OK
.agent-files/benchmarks/m2-claset-time/REPAIRED_FINAL_PREDECLARATION.md: OK
.agent-files/benchmarks/m2-claset-time/TEMPORARY_HOLMAKE_RULES.txt: OK
.agent-files/benchmarks/m2-claset-time/TYPE_GUARD_DIAGNOSTIC.md: OK
.agent-files/benchmarks/m2-claset-time/active-calibration-raw.tsv: OK
.agent-files/benchmarks/m2-claset-time/active-calibration-schedule.tsv: OK
.agent-files/benchmarks/m2-claset-time/activecalibration.sml: OK
.agent-files/benchmarks/m2-claset-time/attempts.tsv: OK
.agent-files/benchmarks/m2-claset-time/blast-selftest.log: OK
.agent-files/benchmarks/m2-claset-time/calibration-raw.tsv: OK
.agent-files/benchmarks/m2-claset-time/calibration-schedule.tsv: OK
.agent-files/benchmarks/m2-claset-time/classical-selftest.log: OK
.agent-files/benchmarks/m2-claset-time/environment.txt: OK
.agent-files/benchmarks/m2-claset-time/fixtures/bad-active-calibration-raw-order.tsv: OK
.agent-files/benchmarks/m2-claset-time/fixtures/bad-active-calibration-schedule-mode.tsv: OK
.agent-files/benchmarks/m2-claset-time/fixtures/bad-attempt-bound.tsv: OK
.agent-files/benchmarks/m2-claset-time/fixtures/bad-calibration-schedule-order.tsv: OK
.agent-files/benchmarks/m2-claset-time/fixtures/bad-final-context.tsv: OK
.agent-files/benchmarks/m2-claset-time/fixtures/bad-final-counter.tsv: OK
.agent-files/benchmarks/m2-claset-time/fixtures/bad-negative-time.tsv: OK
.agent-files/benchmarks/m2-claset-time/fixtures/bad-phase-sum.tsv: OK
.agent-files/benchmarks/m2-claset-time/fixtures/bad-record-order.tsv: OK
.agent-files/benchmarks/m2-claset-time/fixtures/bad-schema.tsv: OK
.agent-files/benchmarks/m2-claset-time/fixtures/bad-status.tsv: OK
.agent-files/benchmarks/m2-claset-time/fixtures/bad-zero-count-positive-time.tsv: OK
.agent-files/benchmarks/m2-claset-time/fixtures/good-partial-positive-zero-time.tsv: OK
.agent-files/benchmarks/m2-claset-time/integrity.log: OK
.agent-files/benchmarks/m2-claset-time/m2clasetime.sml: OK
.agent-files/benchmarks/m2-claset-time/preflight-rejected-process-audit.txt: OK
.agent-files/benchmarks/m2-claset-time/process-audit.txt: OK
.agent-files/benchmarks/m2-claset-time/raw.tsv: OK
.agent-files/benchmarks/m2-claset-time/regenerated-final-active-calibration-raw.tsv: OK
.agent-files/benchmarks/m2-claset-time/regenerated-final-attempts.tsv: OK
.agent-files/benchmarks/m2-claset-time/regenerated-final-audits.log: OK
.agent-files/benchmarks/m2-claset-time/regenerated-final-calibration-raw.tsv: OK
.agent-files/benchmarks/m2-claset-time/regenerated-final-environment.txt: OK
.agent-files/benchmarks/m2-claset-time/regenerated-final-expectations.tsv: OK
.agent-files/benchmarks/m2-claset-time/regenerated-final-process-audit.txt: OK
.agent-files/benchmarks/m2-claset-time/regenerated-final-raw.tsv: OK
.agent-files/benchmarks/m2-claset-time/repaired-final-active-calibration-raw.tsv: OK
.agent-files/benchmarks/m2-claset-time/repaired-final-blast-selftest.log: OK
.agent-files/benchmarks/m2-claset-time/repaired-final-build.log: OK
.agent-files/benchmarks/m2-claset-time/repaired-final-classical-build.log: OK
.agent-files/benchmarks/m2-claset-time/repaired-final-classical-selftest.log: OK
.agent-files/benchmarks/m2-claset-time/repaired-final-rebuild.log: OK
.agent-files/benchmarks/m2-claset-time/run-active-calibration.sh: OK
.agent-files/benchmarks/m2-claset-time/run-claset-time.sh: OK
.agent-files/benchmarks/m2-claset-time/run-work-calibration.sh: OK
.agent-files/benchmarks/m2-claset-time/schedule.tsv: OK
.agent-files/benchmarks/m2-claset-time/test-validator.sh: OK
.agent-files/benchmarks/m2-claset-time/timed-api-bad.log: OK
.agent-files/benchmarks/m2-claset-time/timed-api-bad.sml: OK
.agent-files/benchmarks/m2-claset-time/timed-api-good.log: OK
.agent-files/benchmarks/m2-claset-time/timed-api-good.sml: OK
.agent-files/benchmarks/m2-claset-time/validate-calibrations.sh: OK
.agent-files/benchmarks/m2-claset-time/verify-claset-time.awk: OK
.agent-files/benchmarks/m2-claset-time/verify-final-expectations.awk: OK
.agent-files/benchmarks/m2-claset-time/workcalibration.sml: OK
