.agent-files/benchmarks/m2-timed-v2/.hol/locks/task7gactive.exe.lock: OK
.agent-files/benchmarks/m2-timed-v2/.hol/locks/task7gactive.uo.lock: OK
.agent-files/benchmarks/m2-timed-v2/.hol/locks/task7gcalibration.exe.lock: OK
.agent-files/benchmarks/m2-timed-v2/.hol/locks/task7gcalibration.uo.lock: OK
.agent-files/benchmarks/m2-timed-v2/.hol/locks/task7gmeasurement.exe.lock: OK
.agent-files/benchmarks/m2-timed-v2/.hol/locks/task7gmeasurement.uo.lock: OK
.agent-files/benchmarks/m2-timed-v2/.hol/make-deps/task7gactive.sml.d: OK
.agent-files/benchmarks/m2-timed-v2/.hol/make-deps/task7gcalibration.sml.d: OK
.agent-files/benchmarks/m2-timed-v2/.hol/make-deps/task7gmeasurement.sml.d: OK
.agent-files/benchmarks/m2-timed-v2/.hol/objs/task7gactive.ui: OK
.agent-files/benchmarks/m2-timed-v2/.hol/objs/task7gactive.uo: OK
.agent-files/benchmarks/m2-timed-v2/.hol/objs/task7gcalibration.ui: OK
.agent-files/benchmarks/m2-timed-v2/.hol/objs/task7gcalibration.uo: OK
.agent-files/benchmarks/m2-timed-v2/.hol/objs/task7gmeasurement.ui: OK
.agent-files/benchmarks/m2-timed-v2/.hol/objs/task7gmeasurement.uo: OK
.agent-files/benchmarks/m2-timed-v2/AUTHORITATIVE_RAW.sha256: OK
.agent-files/benchmarks/m2-timed-v2/Holmakefile: OK
.agent-files/benchmarks/m2-timed-v2/POST_COLLECTION_VALIDATOR_REPAIR.md: OK
.agent-files/benchmarks/m2-timed-v2/POST_REPRESENTATIVE_PARSE_REPAIR.md: OK
.agent-files/benchmarks/m2-timed-v2/POST_REPRESENTATIVE_PARSE_REPAIR.sha256: OK
.agent-files/benchmarks/m2-timed-v2/PREDECLARATION.md: OK
.agent-files/benchmarks/m2-timed-v2/PREDECLARATION.sha256: OK
.agent-files/benchmarks/m2-timed-v2/PRE_MEASUREMENT_TYPE_REPAIR.md: OK
.agent-files/benchmarks/m2-timed-v2/PRE_MEASUREMENT_TYPE_REPAIR.sha256: OK
.agent-files/benchmarks/m2-timed-v2/PRE_TIMING_REPAIR.md: OK
.agent-files/benchmarks/m2-timed-v2/PRE_TIMING_REPAIR.sha256: OK
.agent-files/benchmarks/m2-timed-v2/README.md: OK
.agent-files/benchmarks/m2-timed-v2/TARGET_RETRY_1.md: OK
.agent-files/benchmarks/m2-timed-v2/TARGET_RETRY_1.sha256: OK
.agent-files/benchmarks/m2-timed-v2/active-calibration-raw.tsv: OK
.agent-files/benchmarks/m2-timed-v2/active-calibration-schedule.tsv: OK
.agent-files/benchmarks/m2-timed-v2/active-loadcheck.log: OK
.agent-files/benchmarks/m2-timed-v2/blast-build.log: OK
.agent-files/benchmarks/m2-timed-v2/blast-selftest.log: OK
.agent-files/benchmarks/m2-timed-v2/build-provenance.txt: OK
.agent-files/benchmarks/m2-timed-v2/calibration-raw.tsv: OK
.agent-files/benchmarks/m2-timed-v2/calibration-schedule.tsv: OK
.agent-files/benchmarks/m2-timed-v2/calibration-summary.tsv: OK
.agent-files/benchmarks/m2-timed-v2/classical-build.log: OK
.agent-files/benchmarks/m2-timed-v2/classical-selftest.log: OK
.agent-files/benchmarks/m2-timed-v2/collect-locked.sh: OK
.agent-files/benchmarks/m2-timed-v2/command-status.tsv: OK
.agent-files/benchmarks/m2-timed-v2/continue-locked.sh: OK
.agent-files/benchmarks/m2-timed-v2/fixtures/bad-alternative.tsv: OK
.agent-files/benchmarks/m2-timed-v2/fixtures/bad-append.tsv: OK
.agent-files/benchmarks/m2-timed-v2/fixtures/bad-attempt-residual.tsv: OK
.agent-files/benchmarks/m2-timed-v2/fixtures/bad-attempt-wall.tsv: OK
.agent-files/benchmarks/m2-timed-v2/fixtures/bad-calls.tsv: OK
.agent-files/benchmarks/m2-timed-v2/fixtures/bad-classical-total.tsv: OK
.agent-files/benchmarks/m2-timed-v2/fixtures/bad-cleanup.tsv: OK
.agent-files/benchmarks/m2-timed-v2/fixtures/bad-context.tsv: OK
.agent-files/benchmarks/m2-timed-v2/fixtures/bad-failures.tsv: OK
.agent-files/benchmarks/m2-timed-v2/fixtures/bad-max-cleanup.tsv: OK
.agent-files/benchmarks/m2-timed-v2/fixtures/bad-max-minor.tsv: OK
.agent-files/benchmarks/m2-timed-v2/fixtures/bad-max-normalization.tsv: OK
.agent-files/benchmarks/m2-timed-v2/fixtures/bad-max-traversal.tsv: OK
.agent-files/benchmarks/m2-timed-v2/fixtures/bad-minor-total.tsv: OK
.agent-files/benchmarks/m2-timed-v2/fixtures/bad-missing-eof.tsv: OK
.agent-files/benchmarks/m2-timed-v2/fixtures/bad-normalization.tsv: OK
.agent-files/benchmarks/m2-timed-v2/fixtures/bad-order.tsv: OK
.agent-files/benchmarks/m2-timed-v2/fixtures/bad-other.tsv: OK
.agent-files/benchmarks/m2-timed-v2/fixtures/bad-outer-total.tsv: OK
.agent-files/benchmarks/m2-timed-v2/fixtures/bad-process-residual.tsv: OK
.agent-files/benchmarks/m2-timed-v2/fixtures/bad-replay.tsv: OK
.agent-files/benchmarks/m2-timed-v2/fixtures/bad-schedule.tsv: OK
.agent-files/benchmarks/m2-timed-v2/fixtures/bad-status.tsv: OK
.agent-files/benchmarks/m2-timed-v2/fixtures/bad-traversal.tsv: OK
.agent-files/benchmarks/m2-timed-v2/harness-build.log: OK
.agent-files/benchmarks/m2-timed-v2/integrity.log: OK
.agent-files/benchmarks/m2-timed-v2/make-adversarial-fixtures.sh: OK
.agent-files/benchmarks/m2-timed-v2/post-repair-harness-build.log: OK
.agent-files/benchmarks/m2-timed-v2/pre-active-failure/diagnostic-active-calibration-raw.tsv: OK
.agent-files/benchmarks/m2-timed-v2/pre-active-failure/process-audit.txt: OK
.agent-files/benchmarks/m2-timed-v2/pre-measurement-failure/command-status.tsv: OK
.agent-files/benchmarks/m2-timed-v2/pre-measurement-failure/header-only-calibration-raw.tsv: OK
.agent-files/benchmarks/m2-timed-v2/pre-measurement-failure/process-audit.txt: OK
.agent-files/benchmarks/m2-timed-v2/process-audit.txt: OK
.agent-files/benchmarks/m2-timed-v2/raw.tsv: OK
.agent-files/benchmarks/m2-timed-v2/run-target-retry-1.sh: OK
.agent-files/benchmarks/m2-timed-v2/schedule.tsv: OK
.agent-files/benchmarks/m2-timed-v2/selfcheck.sh: OK
.agent-files/benchmarks/m2-timed-v2/source-after.sha256: OK
.agent-files/benchmarks/m2-timed-v2/source-before.sha256: OK
.agent-files/benchmarks/m2-timed-v2/summarize-calibration.awk: OK
.agent-files/benchmarks/m2-timed-v2/summarize-target.awk: OK
.agent-files/benchmarks/m2-timed-v2/target-attempt-0/process-audit.txt: OK
.agent-files/benchmarks/m2-timed-v2/target-attempt-0/status-only-raw.tsv: OK
.agent-files/benchmarks/m2-timed-v2/target-attempt-0/stderr.txt: OK
.agent-files/benchmarks/m2-timed-v2/target-loadcheck.log: OK
.agent-files/benchmarks/m2-timed-v2/target-summary.tsv: OK
.agent-files/benchmarks/m2-timed-v2/task7gactive.exe: OK
.agent-files/benchmarks/m2-timed-v2/task7gactive.sml: OK
.agent-files/benchmarks/m2-timed-v2/task7gcalibration.exe: OK
.agent-files/benchmarks/m2-timed-v2/task7gcalibration.sml: OK
.agent-files/benchmarks/m2-timed-v2/task7gmeasurement.exe: OK
.agent-files/benchmarks/m2-timed-v2/task7gmeasurement.sml: OK
.agent-files/benchmarks/m2-timed-v2/test-validator.sh: OK
.agent-files/benchmarks/m2-timed-v2/validate-calibration.sh: OK
.agent-files/benchmarks/m2-timed-v2/validator-repair.log: OK
.agent-files/benchmarks/m2-timed-v2/verify-audit.sh: OK
.agent-files/benchmarks/m2-timed-v2/verify-target.awk: OK
.agent-files/PLAN_phase_1_2_green.md: OK
.agent-files/benchmarks/m2-timed-v2/raw.tsv: OK
target schema/order/status/partition/context validation: PASS
calibration work/outcome/counter parity: PASS
validator accepted authoritative raw and rejected 24 independent adversaries: PASS
lock/endpoints/build statuses/source immutability: PASS
src/auto/blast/Holmakefile: OK
src/auto/blast/blastReconstruct.sig: OK
src/auto/blast/blastReconstruct.sml: OK
src/auto/blast/blastRule.sig: OK
src/auto/blast/blastRule.sml: OK
src/auto/blast/blastSearch.sig: OK
src/auto/blast/blastSearch.sml: OK
src/auto/blast/blastTerm.sig: OK
src/auto/blast/blastTerm.sml: OK
src/auto/blast/selftest.sml: OK
src/auto/blast/tableauLib.sig: OK
src/auto/blast/tableauLib.sml: OK
src/auto/classical/Holmakefile: OK
src/auto/classical/clasetGoal.sig: OK
src/auto/classical/clasetGoal.sml: OK
src/auto/classical/clasetMeta.sig: OK
src/auto/classical/clasetMeta.sml: OK
src/auto/classical/clasetReplay.sig: OK
src/auto/classical/clasetReplay.sml: OK
src/auto/classical/clasetSearch.sig: OK
src/auto/classical/clasetSearch.sml: OK
src/auto/classical/clasetStep.sig: OK
src/auto/classical/clasetStep.sml: OK
src/auto/classical/clasetUnify.sig: OK
src/auto/classical/clasetUnify.sml: OK
src/auto/classical/classicalLib.sig: OK
src/auto/classical/classicalLib.sml: OK
src/auto/classical/searchHeap.sig: OK
src/auto/classical/searchHeap.sml: OK
src/auto/classical/selftest.sml: OK
package checksums/regeneration/source scope: PASS
