.agent-files/benchmarks/m2-timed-v4-final/PREDECLARATION.md: OK
.agent-files/benchmarks/m2-timed-v4-final/frozen-inputs/PREDECLARATION.md: OK
.agent-files/benchmarks/m2-timed-v4-final/PRE_SEAL_REPAIR.md: OK
.agent-files/benchmarks/m2-timed-v4-final/frozen-inputs/PRE_SEAL_REPAIR.md: OK
.agent-files/benchmarks/m2-timed-v4-final/SEAL_PLAN.md: OK
.agent-files/benchmarks/m2-timed-v4-final/frozen-inputs/SEAL_PLAN.md: OK
.agent-files/benchmarks/m2-timed-v4-final/Holmakefile: OK
.agent-files/benchmarks/m2-timed-v4-final/frozen-inputs/Holmakefile: OK
.agent-files/benchmarks/m2-timed-v4-final/task7jmeasurement.sml: OK
.agent-files/benchmarks/m2-timed-v4-final/frozen-inputs/task7jmeasurement.sml: OK
.agent-files/benchmarks/m2-timed-v4-final/task7jcalibration.sml: OK
.agent-files/benchmarks/m2-timed-v4-final/frozen-inputs/task7jcalibration.sml: OK
.agent-files/benchmarks/m2-timed-v4-final/task7jactive.sml: OK
.agent-files/benchmarks/m2-timed-v4-final/frozen-inputs/task7jactive.sml: OK
.agent-files/benchmarks/m2-timed-v4-final/schedule.tsv: OK
.agent-files/benchmarks/m2-timed-v4-final/frozen-inputs/schedule.tsv: OK
.agent-files/benchmarks/m2-timed-v4-final/calibration-schedule.tsv: OK
.agent-files/benchmarks/m2-timed-v4-final/frozen-inputs/calibration-schedule.tsv: OK
.agent-files/benchmarks/m2-timed-v4-final/active-calibration-schedule.tsv: OK
.agent-files/benchmarks/m2-timed-v4-final/frozen-inputs/active-calibration-schedule.tsv: OK
.agent-files/benchmarks/m2-timed-v4-final/supervise.py: OK
.agent-files/benchmarks/m2-timed-v4-final/frozen-inputs/supervise.py: OK
.agent-files/benchmarks/m2-timed-v4-final/collect.sh: OK
.agent-files/benchmarks/m2-timed-v4-final/frozen-inputs/collect.sh: OK
.agent-files/benchmarks/m2-timed-v4-final/artifact-manifest.sh: OK
.agent-files/benchmarks/m2-timed-v4-final/frozen-inputs/artifact-manifest.sh: OK
.agent-files/benchmarks/m2-timed-v4-final/endpoint-preflight.sh: OK
.agent-files/benchmarks/m2-timed-v4-final/frozen-inputs/endpoint-preflight.sh: OK
.agent-files/benchmarks/m2-timed-v4-final/validate-calibration.awk: OK
.agent-files/benchmarks/m2-timed-v4-final/frozen-inputs/validate-calibration.awk: OK
.agent-files/benchmarks/m2-timed-v4-final/calibration-gate.awk: OK
.agent-files/benchmarks/m2-timed-v4-final/frozen-inputs/calibration-gate.awk: OK
.agent-files/benchmarks/m2-timed-v4-final/verify-target.awk: OK
.agent-files/benchmarks/m2-timed-v4-final/frozen-inputs/verify-target.awk: OK
.agent-files/benchmarks/m2-timed-v4-final/verify-bounded.awk: OK
.agent-files/benchmarks/m2-timed-v4-final/frozen-inputs/verify-bounded.awk: OK
.agent-files/benchmarks/m2-timed-v4-final/generate-synthetic.awk: OK
.agent-files/benchmarks/m2-timed-v4-final/frozen-inputs/generate-synthetic.awk: OK
.agent-files/benchmarks/m2-timed-v4-final/mutate-fixture.awk: OK
.agent-files/benchmarks/m2-timed-v4-final/frozen-inputs/mutate-fixture.awk: OK
.agent-files/benchmarks/m2-timed-v4-final/test-validators.sh: OK
.agent-files/benchmarks/m2-timed-v4-final/frozen-inputs/test-validators.sh: OK
.agent-files/benchmarks/m2-timed-v4-final/test-v4-controls.sh: OK
.agent-files/benchmarks/m2-timed-v4-final/frozen-inputs/test-v4-controls.sh: OK
.agent-files/benchmarks/m2-timed-v4-final/summarize-calibration.awk: OK
.agent-files/benchmarks/m2-timed-v4-final/frozen-inputs/summarize-calibration.awk: OK
.agent-files/benchmarks/m2-timed-v4-final/summarize-target.awk: OK
.agent-files/benchmarks/m2-timed-v4-final/frozen-inputs/summarize-target.awk: OK
.agent-files/benchmarks/m2-timed-v4-final/verify-summaries.sh: OK
.agent-files/benchmarks/m2-timed-v4-final/frozen-inputs/verify-summaries.sh: OK
