.agent-files/benchmarks/m2-timed-v3-final/PREDECLARATION.md: OK
.agent-files/benchmarks/m2-timed-v3-final/frozen-inputs/PREDECLARATION.md: OK
.agent-files/benchmarks/m2-timed-v3-final/PRE_SEAL_REPAIR.md: OK
.agent-files/benchmarks/m2-timed-v3-final/frozen-inputs/PRE_SEAL_REPAIR.md: OK
.agent-files/benchmarks/m2-timed-v3-final/SEAL_PLAN.md: OK
.agent-files/benchmarks/m2-timed-v3-final/frozen-inputs/SEAL_PLAN.md: OK
.agent-files/benchmarks/m2-timed-v3-final/Holmakefile: OK
.agent-files/benchmarks/m2-timed-v3-final/frozen-inputs/Holmakefile: OK
.agent-files/benchmarks/m2-timed-v3-final/task7hmeasurement.sml: OK
.agent-files/benchmarks/m2-timed-v3-final/frozen-inputs/task7hmeasurement.sml: OK
.agent-files/benchmarks/m2-timed-v3-final/task7hcalibration.sml: OK
.agent-files/benchmarks/m2-timed-v3-final/frozen-inputs/task7hcalibration.sml: OK
.agent-files/benchmarks/m2-timed-v3-final/task7hactive.sml: OK
.agent-files/benchmarks/m2-timed-v3-final/frozen-inputs/task7hactive.sml: OK
.agent-files/benchmarks/m2-timed-v3-final/schedule.tsv: OK
.agent-files/benchmarks/m2-timed-v3-final/frozen-inputs/schedule.tsv: OK
.agent-files/benchmarks/m2-timed-v3-final/calibration-schedule.tsv: OK
.agent-files/benchmarks/m2-timed-v3-final/frozen-inputs/calibration-schedule.tsv: OK
.agent-files/benchmarks/m2-timed-v3-final/active-calibration-schedule.tsv: OK
.agent-files/benchmarks/m2-timed-v3-final/frozen-inputs/active-calibration-schedule.tsv: OK
.agent-files/benchmarks/m2-timed-v3-final/prepare-and-freeze.sh: OK
.agent-files/benchmarks/m2-timed-v3-final/frozen-inputs/prepare-and-freeze.sh: OK
.agent-files/benchmarks/m2-timed-v3-final/collect-locked.sh: OK
.agent-files/benchmarks/m2-timed-v3-final/frozen-inputs/collect-locked.sh: OK
.agent-files/benchmarks/m2-timed-v3-final/run-target.sh: OK
.agent-files/benchmarks/m2-timed-v3-final/frozen-inputs/run-target.sh: OK
.agent-files/benchmarks/m2-timed-v3-final/artifact-manifest.sh: OK
.agent-files/benchmarks/m2-timed-v3-final/frozen-inputs/artifact-manifest.sh: OK
.agent-files/benchmarks/m2-timed-v3-final/endpoint-preflight.sh: OK
.agent-files/benchmarks/m2-timed-v3-final/frozen-inputs/endpoint-preflight.sh: OK
.agent-files/benchmarks/m2-timed-v3-final/validate-calibration.awk: OK
.agent-files/benchmarks/m2-timed-v3-final/frozen-inputs/validate-calibration.awk: OK
.agent-files/benchmarks/m2-timed-v3-final/verify-target.awk: OK
.agent-files/benchmarks/m2-timed-v3-final/frozen-inputs/verify-target.awk: OK
.agent-files/benchmarks/m2-timed-v3-final/generate-synthetic.awk: OK
.agent-files/benchmarks/m2-timed-v3-final/frozen-inputs/generate-synthetic.awk: OK
.agent-files/benchmarks/m2-timed-v3-final/mutate-fixture.awk: OK
.agent-files/benchmarks/m2-timed-v3-final/frozen-inputs/mutate-fixture.awk: OK
.agent-files/benchmarks/m2-timed-v3-final/test-validators.sh: OK
.agent-files/benchmarks/m2-timed-v3-final/frozen-inputs/test-validators.sh: OK
.agent-files/benchmarks/m2-timed-v3-final/summarize-calibration.awk: OK
.agent-files/benchmarks/m2-timed-v3-final/frozen-inputs/summarize-calibration.awk: OK
.agent-files/benchmarks/m2-timed-v3-final/summarize-target.awk: OK
.agent-files/benchmarks/m2-timed-v3-final/frozen-inputs/summarize-target.awk: OK
.agent-files/benchmarks/m2-timed-v3-final/verify-summaries.sh: OK
.agent-files/benchmarks/m2-timed-v3-final/frozen-inputs/verify-summaries.sh: OK
.agent-files/benchmarks/m2-timed-v3-final/selfcheck.sh: OK
.agent-files/benchmarks/m2-timed-v3-final/frozen-inputs/selfcheck.sh: OK
.agent-files/benchmarks/m2-timed-v3-final/final-audit.sh: OK
.agent-files/benchmarks/m2-timed-v3-final/frozen-inputs/final-audit.sh: OK
.agent-files/benchmarks/m2-timed-v3-final/package-inventory.sh: OK
.agent-files/benchmarks/m2-timed-v3-final/frozen-inputs/package-inventory.sh: OK
.agent-files/benchmarks/m2-timed-v3-final/verify-package-integrity.sh: OK
.agent-files/benchmarks/m2-timed-v3-final/frozen-inputs/verify-package-integrity.sh: OK
.agent-files/benchmarks/m2-timed-v3-final/test-package-integrity.sh: OK
.agent-files/benchmarks/m2-timed-v3-final/frozen-inputs/test-package-integrity.sh: OK
.agent-files/benchmarks/m2-timed-v3-final/validate-scratch-path.sh: OK
.agent-files/benchmarks/m2-timed-v3-final/frozen-inputs/validate-scratch-path.sh: OK
