.agent-files/PLAN_phase_1_2_green.md: OK
.agent-files/benchmarks/m2-claset-time/CALIBRATION_PREDECLARED.md: OK
.agent-files/benchmarks/m2-claset-time/EXPECTATIONS_PROTOCOL.md: OK
.agent-files/benchmarks/m2-claset-time/NAMESPACE_RELOCATION_INVOCATION.md: OK
.agent-files/benchmarks/m2-claset-time/POST_BOUNDARY_FIX_BUILD_PROVENANCE.md: OK
.agent-files/benchmarks/m2-claset-time/POST_BOUNDARY_FIX_COMMAND_STATUS_TRANSCRIPT.txt: OK
.agent-files/benchmarks/m2-claset-time/POST_BOUNDARY_FIX_HOLMAKE_RULES.txt: OK
.agent-files/benchmarks/m2-claset-time/POST_BOUNDARY_FIX_PREDECLARATION.md: OK
.agent-files/benchmarks/m2-claset-time/README.md: OK
.agent-files/benchmarks/m2-claset-time/REGENERATED_FINAL_LOCKED_SUMMARY.md: OK
.agent-files/benchmarks/m2-claset-time/TYPE_GUARD_DIAGNOSTIC.md: OK
.agent-files/benchmarks/m2-claset-time/active-calibration-raw.tsv: OK
.agent-files/benchmarks/m2-claset-time/active-calibration-schedule.tsv: OK
.agent-files/benchmarks/m2-claset-time/activecalibration.sml: OK
.agent-files/benchmarks/m2-claset-time/attempts.tsv: OK
.agent-files/benchmarks/m2-claset-time/authoritative-relocation-evidence/OMITTED_ARTIFACT_HASHES.md: OK
.agent-files/benchmarks/m2-claset-time/authoritative-relocation-evidence/README.md: OK
.agent-files/benchmarks/m2-claset-time/authoritative-relocation-evidence/command-status-transcript.txt: OK
.agent-files/benchmarks/m2-claset-time/authoritative-relocation-evidence/copy-after-copy.sha256: OK
.agent-files/benchmarks/m2-claset-time/authoritative-relocation-evidence/external-ancestor-metadata.txt: OK
.agent-files/benchmarks/m2-claset-time/authoritative-relocation-evidence/external-metadata-neutralization.txt: OK
.agent-files/benchmarks/m2-claset-time/authoritative-relocation-evidence/hol-heapname.log: OK
.agent-files/benchmarks/m2-claset-time/authoritative-relocation-evidence/hol-heapname.log.supervisor-events: OK
.agent-files/benchmarks/m2-claset-time/authoritative-relocation-evidence/holmake-ancestor-audit.txt: OK
.agent-files/benchmarks/m2-claset-time/authoritative-relocation-evidence/holmake-real-target.log: OK
.agent-files/benchmarks/m2-claset-time/authoritative-relocation-evidence/holmake-real-target.log.supervisor-events: OK
.agent-files/benchmarks/m2-claset-time/authoritative-relocation-evidence/holmake-real-target.original-accesses.txt: OK
.agent-files/benchmarks/m2-claset-time/authoritative-relocation-evidence/holmake-real-target.strace: OK
.agent-files/benchmarks/m2-claset-time/authoritative-relocation-evidence/holmake-startup.log: OK
.agent-files/benchmarks/m2-claset-time/authoritative-relocation-evidence/holmake-startup.log.supervisor-events: OK
.agent-files/benchmarks/m2-claset-time/authoritative-relocation-evidence/invoked-script-manifest.txt: OK
.agent-files/benchmarks/m2-claset-time/authoritative-relocation-evidence/path-tool-audit.txt: OK
.agent-files/benchmarks/m2-claset-time/authoritative-relocation-evidence/relocation-assertions.txt: OK
.agent-files/benchmarks/m2-claset-time/authoritative-relocation-evidence/relocation-diagnostic-Holmakefile.txt: OK
.agent-files/benchmarks/m2-claset-time/authoritative-relocation-evidence/relocation-diagnostic-target.txt: OK
.agent-files/benchmarks/m2-claset-time/authoritative-relocation-evidence/smart-configure.log: OK
.agent-files/benchmarks/m2-claset-time/authoritative-relocation-evidence/smart-configure.log.supervisor-events: OK
.agent-files/benchmarks/m2-claset-time/authoritative-relocation-evidence/source-after-copy.sha256: OK
.agent-files/benchmarks/m2-claset-time/authoritative-relocation-evidence/source-before-copy.sha256: OK
.agent-files/benchmarks/m2-claset-time/blast-selftest.log: OK
.agent-files/benchmarks/m2-claset-time/calibration-raw.tsv: OK
.agent-files/benchmarks/m2-claset-time/calibration-schedule.tsv: OK
.agent-files/benchmarks/m2-claset-time/calibration-summary.tsv: OK
.agent-files/benchmarks/m2-claset-time/classical-selftest.log: OK
.agent-files/benchmarks/m2-claset-time/environment.txt: OK
.agent-files/benchmarks/m2-claset-time/fixtures/bad-active-calibration-raw-order.tsv: OK
.agent-files/benchmarks/m2-claset-time/fixtures/bad-active-calibration-schedule-mode.tsv: OK
.agent-files/benchmarks/m2-claset-time/fixtures/bad-attempt-bound.tsv: OK
.agent-files/benchmarks/m2-claset-time/fixtures/bad-calibration-schedule-order.tsv: OK
.agent-files/benchmarks/m2-claset-time/fixtures/bad-final-context.tsv: OK
.agent-files/benchmarks/m2-claset-time/fixtures/bad-final-counter.tsv: OK
.agent-files/benchmarks/m2-claset-time/fixtures/bad-negative-time.tsv: OK
.agent-files/benchmarks/m2-claset-time/fixtures/bad-phase-sum.tsv: OK
.agent-files/benchmarks/m2-claset-time/fixtures/bad-record-order.tsv: OK
.agent-files/benchmarks/m2-claset-time/fixtures/bad-schema.tsv: OK
.agent-files/benchmarks/m2-claset-time/fixtures/bad-status.tsv: OK
.agent-files/benchmarks/m2-claset-time/fixtures/bad-zero-count-positive-time.tsv: OK
.agent-files/benchmarks/m2-claset-time/fixtures/good-partial-positive-zero-time.tsv: OK
.agent-files/benchmarks/m2-claset-time/integrity.log: OK
.agent-files/benchmarks/m2-claset-time/m2clasetime.sml: OK
.agent-files/benchmarks/m2-claset-time/post-boundary-fix-blast-harness-build.log: OK
.agent-files/benchmarks/m2-claset-time/post-boundary-fix-blast-harness-rebuild.log: OK
.agent-files/benchmarks/m2-claset-time/post-boundary-fix-blast-selftest.log: OK
.agent-files/benchmarks/m2-claset-time/post-boundary-fix-classical-build.log: OK
.agent-files/benchmarks/m2-claset-time/post-boundary-fix-classical-selftest.log: OK
.agent-files/benchmarks/m2-claset-time/pre-boundary-fix-history/README.md: OK
.agent-files/benchmarks/m2-claset-time/pre-boundary-fix-history/REGENERATED_FINAL_LOCKED_SUMMARY.md: OK
.agent-files/benchmarks/m2-claset-time/pre-boundary-fix-history/REPAIRED_BUILD_PROVENANCE.md: OK
.agent-files/benchmarks/m2-claset-time/pre-boundary-fix-history/REPAIRED_FINAL_PREDECLARATION.md: OK
.agent-files/benchmarks/m2-claset-time/pre-boundary-fix-history/TEMPORARY_HOLMAKE_RULES.txt: OK
.agent-files/benchmarks/m2-claset-time/pre-boundary-fix-history/regenerated-final-active-calibration-raw.tsv: OK
.agent-files/benchmarks/m2-claset-time/pre-boundary-fix-history/regenerated-final-attempts.tsv: OK
.agent-files/benchmarks/m2-claset-time/pre-boundary-fix-history/regenerated-final-audits.log: OK
.agent-files/benchmarks/m2-claset-time/pre-boundary-fix-history/regenerated-final-calibration-raw.tsv: OK
.agent-files/benchmarks/m2-claset-time/pre-boundary-fix-history/regenerated-final-calibration-summary.tsv: OK
.agent-files/benchmarks/m2-claset-time/pre-boundary-fix-history/regenerated-final-environment.txt: OK
.agent-files/benchmarks/m2-claset-time/pre-boundary-fix-history/regenerated-final-expectations.tsv: OK
.agent-files/benchmarks/m2-claset-time/pre-boundary-fix-history/regenerated-final-process-audit.txt: OK
.agent-files/benchmarks/m2-claset-time/pre-boundary-fix-history/regenerated-final-raw.tsv: OK
.agent-files/benchmarks/m2-claset-time/pre-boundary-fix-history/repaired-final-active-calibration-raw.tsv: OK
.agent-files/benchmarks/m2-claset-time/pre-boundary-fix-history/repaired-final-blast-selftest.log: OK
.agent-files/benchmarks/m2-claset-time/pre-boundary-fix-history/repaired-final-build.log: OK
.agent-files/benchmarks/m2-claset-time/pre-boundary-fix-history/repaired-final-classical-build.log: OK
.agent-files/benchmarks/m2-claset-time/pre-boundary-fix-history/repaired-final-classical-selftest.log: OK
.agent-files/benchmarks/m2-claset-time/pre-boundary-fix-history/repaired-final-rebuild.log: OK
.agent-files/benchmarks/m2-claset-time/pre-final-relocation-history/README.md: OK
.agent-files/benchmarks/m2-claset-time/pre-final-relocation-history/fix9-first-preflight-failure.log: OK
.agent-files/benchmarks/m2-claset-time/pre-final-relocation-history/reproduction-adversarial-tests.log: OK
.agent-files/benchmarks/m2-claset-time/pre-final-relocation-history/reproduction-relocation-preflight.log: OK
.agent-files/benchmarks/m2-claset-time/pre-isolated-copy-history/README.md: OK
.agent-files/benchmarks/m2-claset-time/pre-isolated-copy-history/reproduction-output-path-tests.log: OK
.agent-files/benchmarks/m2-claset-time/pre-isolated-copy-history/reproduction-safety-selfcheck.log: OK
.agent-files/benchmarks/m2-claset-time/pre-relocation-history/README.md: OK
.agent-files/benchmarks/m2-claset-time/pre-relocation-history/reproduction-adversarial-tests.log: OK
.agent-files/benchmarks/m2-claset-time/pre-relocation-history/reproduction-isolation-selfcheck.log: OK
.agent-files/benchmarks/m2-claset-time/preflight-rejected-process-audit.txt: OK
.agent-files/benchmarks/m2-claset-time/process-audit.txt: OK
.agent-files/benchmarks/m2-claset-time/process-group-supervisor.py: OK
.agent-files/benchmarks/m2-claset-time/raw.tsv: OK
.agent-files/benchmarks/m2-claset-time/regenerated-final-active-calibration-raw.tsv: OK
.agent-files/benchmarks/m2-claset-time/regenerated-final-attempts.tsv: OK
.agent-files/benchmarks/m2-claset-time/regenerated-final-calibration-raw.tsv: OK
.agent-files/benchmarks/m2-claset-time/regenerated-final-calibration-summary.tsv: OK
.agent-files/benchmarks/m2-claset-time/regenerated-final-expectations.tsv: OK
.agent-files/benchmarks/m2-claset-time/regenerated-final-process-audit.txt: OK
.agent-files/benchmarks/m2-claset-time/regenerated-final-raw.tsv: OK
.agent-files/benchmarks/m2-claset-time/reproduce-post-boundary-build.sh: OK
.agent-files/benchmarks/m2-claset-time/reproduction-adversarial-tests.log: OK
.agent-files/benchmarks/m2-claset-time/reproduction-relocation-preflight.log: OK
.agent-files/benchmarks/m2-claset-time/run-active-calibration.sh: OK
.agent-files/benchmarks/m2-claset-time/run-claset-time.sh: OK
.agent-files/benchmarks/m2-claset-time/run-work-calibration.sh: OK
.agent-files/benchmarks/m2-claset-time/schedule.tsv: OK
.agent-files/benchmarks/m2-claset-time/summarize-calibrations.awk: OK
.agent-files/benchmarks/m2-claset-time/test-reproduction-isolation.sh: OK
.agent-files/benchmarks/m2-claset-time/test-validator.sh: OK
.agent-files/benchmarks/m2-claset-time/timed-api-bad.log: OK
.agent-files/benchmarks/m2-claset-time/timed-api-bad.sml: OK
.agent-files/benchmarks/m2-claset-time/timed-api-good.log: OK
.agent-files/benchmarks/m2-claset-time/timed-api-good.sml: OK
.agent-files/benchmarks/m2-claset-time/validate-calibrations.sh: OK
.agent-files/benchmarks/m2-claset-time/verify-claset-time.awk: OK
.agent-files/benchmarks/m2-claset-time/verify-final-expectations.awk: OK
.agent-files/benchmarks/m2-claset-time/workcalibration.sml: OK
src/auto/blast/blastReconstruct.sig: OK
src/auto/blast/blastReconstruct.sml: OK
src/auto/blast/selftest.sml: OK
src/auto/classical/clasetStep.sig: OK
src/auto/classical/clasetStep.sml: OK
src/auto/classical/selftest.sml: OK
